// Jest Snapshot v1, https://goo.gl/fbAQLP

exports[`Actions should select amount 1`] = `
"<styled.div>
  <styled.img src=\\"/images/undefined\\" />
  <styled.div>
    <styled.div>
      <styled.div>
        Charity Name
      </styled.div>
      <styled.div>
        Donation amount: 0.00 USD
      </styled.div>
    </styled.div>
    <styled.button id=\\"btn-donate\\" onClick={[Function: onClick]}>
      Donate
    </styled.button>
  </styled.div>
  <styled.div visible={false}>
    <styled.button id=\\"btn-close\\" onClick={[Function: onClick]}>
      <CloseIcon />
    </styled.button>
    <styled.div>
      <styled.p>
        Select the amount to donate (USD)
      </styled.p>
      <styled.form>
        <label>
          <input id=\\"payment-1-option-item-0\\" type=\\"radio\\" name=\\"payment\\" value={10} checked={true} onChange={[Function: onChange]} />
          10
        </label>
        <label>
          <input id=\\"payment-1-option-item-1\\" type=\\"radio\\" name=\\"payment\\" value={20} checked={false} onChange={[Function: onChange]} />
          20
        </label>
        <label>
          <input id=\\"payment-1-option-item-2\\" type=\\"radio\\" name=\\"payment\\" value={50} checked={false} onChange={[Function: onChange]} />
          50
        </label>
        <label>
          <input id=\\"payment-1-option-item-3\\" type=\\"radio\\" name=\\"payment\\" value={100} checked={false} onChange={[Function: onChange]} />
          100
        </label>
      </styled.form>
      <styled.button id=\\"btn-pay\\" onClick={[Function: handlePay]}>
        Pay
      </styled.button>
    </styled.div>
  </styled.div>
</styled.div>"
`;

exports[`Render should render CardDonate 1`] = `
"<styled.div>
  <styled.img src=\\"/images/undefined\\" />
  <styled.div>
    <styled.div>
      <styled.div>
        Charity Name
      </styled.div>
      <styled.div>
        Donation amount: 0.00 USD
      </styled.div>
    </styled.div>
    <styled.button id=\\"btn-donate\\" onClick={[Function: onClick]}>
      Donate
    </styled.button>
  </styled.div>
  <styled.div visible={false}>
    <styled.button id=\\"btn-close\\" onClick={[Function: onClick]}>
      <CloseIcon />
    </styled.button>
    <styled.div>
      <styled.p>
        Select the amount to donate (USD)
      </styled.p>
      <styled.form>
        <label>
          <input id=\\"payment-1-option-item-0\\" type=\\"radio\\" name=\\"payment\\" value={10} checked={true} onChange={[Function: onChange]} />
          10
        </label>
        <label>
          <input id=\\"payment-1-option-item-1\\" type=\\"radio\\" name=\\"payment\\" value={20} checked={false} onChange={[Function: onChange]} />
          20
        </label>
        <label>
          <input id=\\"payment-1-option-item-2\\" type=\\"radio\\" name=\\"payment\\" value={50} checked={false} onChange={[Function: onChange]} />
          50
        </label>
        <label>
          <input id=\\"payment-1-option-item-3\\" type=\\"radio\\" name=\\"payment\\" value={100} checked={false} onChange={[Function: onChange]} />
          100
        </label>
      </styled.form>
      <styled.button id=\\"btn-pay\\" onClick={[Function: handlePay]}>
        Pay
      </styled.button>
    </styled.div>
  </styled.div>
</styled.div>"
`;
